// Jest Snapshot v1, https://goo.gl/fbAQLP

exports[`exported API should match the snapshot 1`] = `
Object {
  "configureShouldComponentUpdate": [Function],
  "createStructuredEqualityComparer": [Function],
  "shallowEqual": Object {
    "arrays": [Function],
    "objects": [Function],
  },
  "strictEqual": [Function],
}
`;
